

  Lottery System
    ✔ Should deploy and initialize contracts (339ms)
    ✔ Should create a lottery
    1) Should buy boxes


  2 passing (606ms)
  1 failing

  1) Lottery System
       Should buy boxes:
     Error: VM Exception while processing transaction: reverted with panic code 0x11 (Arithmetic operation overflowed outside of an unchecked block)
    at LotteryTemplate._findAvailableTicket (contracts/LotteryTemplate.sol:230)
    at LotteryTemplate.buyBoxes (contracts/LotteryTemplate.sol:145)
    at <UnrecognizedContract>.<unknown> (0x06b1d212b8da92b83af328de5eef4e211da02097)
    at Sponsors.registerAccountWithLottery (contracts/Sponsors.sol:111)
    at <UnrecognizedContract>.<unknown> (0xdc64a140aa3e981100a9beca4e685f962f0cf6c9)
    at LotteryFactory.buyBoxes (contracts/LotteryFactory.sol:159)
    at <UnrecognizedContract>.<unknown> (0x2279b7a0a67db372996a5fab50d91eaa73d2ebe6)
    at EdrProviderWrapper.request (node_modules/hardhat/src/internal/hardhat-network/provider/provider.ts:444:41)
    at HardhatEthersSigner.sendTransaction (node_modules/@nomicfoundation/hardhat-ethers/src/signers.ts:181:18)
    at send (node_modules/ethers/src.ts/contract/contract.ts:313:20)
    at Proxy.buyBoxes (node_modules/ethers/src.ts/contract/contract.ts:352:16)
    at Context.<anonymous> (test/Lottery.test.js:113:9)
  



···························································································································
|  [32m[1mSolidity and Network Configuration[22m[39m                                                                                     │
······································|·················|···············|·················|································
|  [36mSolidity: 0.8.20[39m                   ·  [36mOptim: true[39m    ·  [36mRuns: 200[39m    ·  [36mviaIR: false[39m   ·     [36mBlock: 30,000,000 gas[39m     │
······································|·················|···············|·················|································
|  [32m[1mMethods[22m[39m                                                                                                                │
······································|·················|···············|·················|················|···············
|  [32m[1mContracts / Methods[22m[39m                ·  [1mMin[22m            ·  [1mMax[22m          ·  [1mAvg[22m            ·  [1m# calls[22m       ·  [1musd (avg)[22m   │
······································|·················|···············|·················|················|···············
|  [1mLotteryFactory[22m                     ·                                                                                   │
······································|·················|···············|·················|················|···············
|      createLottery                  ·              [90m-[39m  ·            [90m-[39m  ·        459,855  ·             2  ·           [32m[90m-[39m[32m[39m  │
······································|·················|···············|·················|················|···············
|  [1mMockERC20[22m                          ·                                                                                   │
······································|·················|···············|·················|················|···············
|      approve                        ·              [90m-[39m  ·            [90m-[39m  ·         46,383  ·             1  ·           [32m[90m-[39m[32m[39m  │
······································|·················|···············|·················|················|···············
|      mint                           ·         [36m51,321[39m  ·       [31m51,333[39m  ·         51,327  ·             2  ·           [32m[90m-[39m[32m[39m  │
······································|·················|···············|·················|················|···············
|  [1mSponsors[22m                           ·                                                                                   │
······································|·················|···············|·················|················|···············
|      registerAccountWithoutLottery  ·              [90m-[39m  ·            [90m-[39m  ·         75,741  ·             1  ·           [32m[90m-[39m[32m[39m  │
······································|·················|···············|·················|················|···············
|      setFactoryContract             ·              [90m-[39m  ·            [90m-[39m  ·         51,227  ·             1  ·           [32m[90m-[39m[32m[39m  │
······································|·················|···············|·················|················|···············
|  [32m[1mDeployments[22m[39m                                          ·                                 ·  [1m% of limit[22m    ·              │
······································|·················|···············|·················|················|···············
|  [1mLotteryFactory[22m                     ·              [90m-[39m  ·            [90m-[39m  ·      1,865,864  ·         6.2 %  ·           [32m[90m-[39m[32m[39m  │
······································|·················|···············|·················|················|···············
|  [1mLotteryFactoryMiddleware[22m           ·              [90m-[39m  ·            [90m-[39m  ·      2,815,971  ·         9.4 %  ·           [32m[90m-[39m[32m[39m  │
······································|·················|···············|·················|················|···············
|  [1mMockERC20[22m                          ·              [90m-[39m  ·            [90m-[39m  ·        585,537  ·           2 %  ·           [32m[90m-[39m[32m[39m  │
······································|·················|···············|·················|················|···············
|  [1mSponsors[22m                           ·              [90m-[39m  ·            [90m-[39m  ·        917,250  ·         3.1 %  ·           [32m[90m-[39m[32m[39m  │
······································|·················|···············|·················|················|···············
|  [32m[1mKey[22m[39m                                                                                                                    │
···························································································································
|  [35m[1m◯[22m[39m  Execution gas for this method does not include intrinsic gas overhead                                               │
···························································································································
|  [35m[1m△[22m[39m  Cost was non-zero but below the precision setting for the currency display (see options)                            │
···························································································································
|  [35mToolchain:[39m  hardhat                                                                                                    │
···························································································································
